  笆ｲ Next.js 14.2.31
  - Environments: .env.local

   Creating an optimized production build ...
npx : Browserslist: browsers data (caniuse-lite) is 15 months old. Please run:
発生場所 行:1 文字:1
+ npx next build 2>&1 | Out-File -FilePath "build_output.txt" -Encoding ...
+ ~~~~~~~~~~~~~~~~~~~
    + CategoryInfo          : NotSpecified: (Browserslist: b...ld. Please run::String) [], RemoteException
    + FullyQualifiedErrorId : NativeCommandError
 
  npx update-browserslist-db@latest
  Why you should do it regularly: https://github.com/browserslist/update-db#readme
 笨・Compiled successfully
   Linting and checking validity of types ...
   Collecting page data ...
   Generating static pages (0/403) ...
   Generating static pages (100/403) 
   Generating static pages (201/403) 
   Generating static pages (302/403) 
 笨・Generating static pages (403/403)
   Finalizing page optimization ...
   Collecting build traces ...

Route (app)                                                       Size     First Load JS
笏・笳・/                                                             6.15 kB         123 kB
笏・笳・/_not-found                                                   147 B          87.4 kB
笏・笳・/about                                                        3.51 kB        99.5 kB
笏・笳・/about-ai                                                     4.26 kB         108 kB
笏・笳・/advertising                                                  3.51 kB        99.5 kB
笏・ﾆ・/api/data/compare/horses                                      0 B                0 B
笏・ﾆ・/api/data/entities/[type]/[id]                                0 B                0 B
笏・ﾆ・/api/data/races/[id]                                          0 B                0 B
笏・ﾆ・/api/data/search                                              0 B                0 B
笏・ﾆ・/api/health                                                   0 B                0 B
笏・ﾆ・/articles                                                     2.05 kB         111 kB
笏・笳・/articles/[slug]                                              3.85 kB         112 kB
笏・  笏・/articles/leopard-stakes-2026
笏・  笏・/articles/cbc-sho-2026
笏・  笏・/articles/2026-08-04-jockey-2026-3d641d21
笏・  笏・[+248 more paths]
笏・笳・/articles/courses/[venue]/[course]                            1.02 kB         110 kB
笏・  笏・/articles/courses/tokyo/turf-2400m
笏・  笏・/articles/courses/fukushima/turf-1800m
笏・  笏・/articles/courses/tokyo/turf-2000m
笏・  笏・[+15 more paths]
笏・笳・/articles/grade-races/[slug]                                  206 B           109 kB
笏・  笏・/articles/grade-races/sparking-lady-cup
笏・  笏・/articles/grade-races/takarazuka-kinen
笏・  笏・/articles/grade-races/mercury-cup
笏・  笏・[+69 more paths]
笏・笳・/articles/jockeys/[slug]                                      1.02 kB         110 kB
笏・  笏・/articles/jockeys/christophe-lemaire
笏・  笏・/articles/jockeys/yutaka-take
笏・  笏・/articles/jockeys/yuga-kawada
笏・  笏・[+11 more paths]
笏・笳・/articles/races/[slug]                                        1.02 kB         110 kB
笏・  笏・/articles/races/noto-fukko-hyakumangoku-kagayaki-night-sho
笏・笳・/compare                                                      10 kB           115 kB
笏・笳・/contact                                                      3.51 kB        99.5 kB
笏・笳・/courses                                                      2.79 kB         103 kB
笏・笳・/courses/[venue]/[course]                                     211 B           109 kB
笏・笳・/faq                                                          7.92 kB         112 kB
笏・笳・/grade-races                                                  3.51 kB        99.5 kB
笏・笳・/grade-races/[slug]                                           3.51 kB        99.5 kB
笏・笳・/horses                                                       216 B           111 kB
笏・笳・/horses/[id]                                                  1.42 kB         110 kB
笏・笳・/icon.png                                                     0 B                0 B
笏・笳・/jockeys                                                      216 B           111 kB
笏・笳・/jockeys/[slug]                                               3.51 kB        99.5 kB
笏・  笏・/jockeys/ryo-nobata
笏・  笏・/jockeys/yutaka-take
笏・  笏・/jockeys/christophe-lemaire
笏・  笏・[+11 more paths]
笏・笳・/jockeys/data/[id]                                            1.42 kB         110 kB
笏・笳・/keiba-data                                                   1.07 kB         112 kB
笏・笳・/keiba-data/horse-weight                                      3.51 kB        99.5 kB
笏・笳・/keiba-data/site-selection                                    3.51 kB        99.5 kB
笏・笳・/keiba-data/track-condition                                   3.51 kB        99.5 kB
笏・笳・/my-data                                                      8.97 kB         113 kB
笏・ﾆ・/og/[slug]                                                    0 B                0 B
笏・笳・/privacy                                                      3.51 kB        99.5 kB
笏・笳・/races/[date]                                                 161 B           155 kB
笏・笳・/races/[date]/[venue]/[race]                                  161 B           155 kB
笏・笳・/races/today                                                  147 B          87.4 kB
笏・ﾆ・/results/accuracy                                             3.51 kB        99.5 kB
笏・笳・/robots.txt                                                   0 B                0 B
笏・笳・/search                                                       6.55 kB         111 kB
笏・笳・/sitemap                                                      3.51 kB        99.5 kB
笏・笳・/sitemap-articles.xml                                         0 B                0 B
笏・ﾆ・/sitemap-data.xml                                             0 B                0 B
笏・笳・/sitemap-images.xml                                           0 B                0 B
笏・笳・/sitemap.xml                                                  0 B                0 B
笏・ﾆ・/sitemaps/data/[entityType]/[shard].xml                       0 B                0 B
笏・笳・/terms                                                        3.51 kB        99.5 kB
笏・笳・/trainers                                                     216 B           111 kB
笏・笳・/trainers/[id]                                                1.42 kB         110 kB
+ First Load JS shared by all                                     87.3 kB
  笏・chunks/2117-285ee9c94392c55d.js                               31.6 kB
  笏・chunks/fd9d1056-a0dd62254905862c.js                           53.6 kB
  笏・other shared chunks (total)                                   2.05 kB


ﾆ・Middleware                                                      29 kB

笳・ (Static)   prerendered as static content
笳・ (SSG)      prerendered as static HTML (uses getStaticProps)
ﾆ・ (Dynamic)  server-rendered on demand

